// Jest Snapshot v1, https://goo.gl/fbAQLP

exports[`NoteMain renders correctly 1`] = `
<View>
  <View
    style={
      Object {
        "alignItems": "center",
        "flex": 1,
        "justifyContent": "center",
        "padding": 5,
      }
    }
  >
    <TextInput
      allowFontScaling={true}
      onChangeText={[Function]}
      placeholder="Write title here"
      style={
        Object {
          "backgroundColor": "beige",
          "fontSize": 20,
          "fontWeight": "bold",
          "padding": 10,
          "width": 280,
        }
      }
    />
  </View>
  <View
    style={
      Object {
        "alignItems": "center",
        "flex": 1,
        "justifyContent": "center",
        "padding": 5,
      }
    }
  >
    <TextInput
      allowFontScaling={true}
      multiline={true}
      onChangeText={[Function]}
      placeholder="Write note here..."
      style={
        Object {
          "backgroundColor": "beige",
          "padding": 5,
          "width": 280,
        }
      }
    />
  </View>
  <View
    style={
      Object {
        "alignItems": "center",
        "flex": 1,
        "justifyContent": "center",
      }
    }
  >
    <View
      accessibilityComponentType="button"
      accessibilityLabel={undefined}
      accessibilityTraits={
        Array [
          "button",
        ]
      }
      accessible={true}
      collapsable={undefined}
      hasTVPreferredFocus={undefined}
      hitSlop={undefined}
      isTVSelectable={true}
      nativeID={undefined}
      onLayout={undefined}
      onResponderGrant={[Function]}
      onResponderMove={[Function]}
      onResponderRelease={[Function]}
      onResponderTerminate={[Function]}
      onResponderTerminationRequest={[Function]}
      onStartShouldSetResponder={[Function]}
      style={
        Object {
          "opacity": 1,
        }
      }
      testID={undefined}
      tvParallaxProperties={undefined}
    >
      <View
        style={
          Array [
            Object {},
          ]
        }
      >
        <Text
          accessible={true}
          allowFontScaling={true}
          disabled={undefined}
          ellipsizeMode="tail"
          style={
            Array [
              Object {
                "color": "#007AFF",
                "fontSize": 18,
                "padding": 8,
                "textAlign": "center",
              },
              Object {
                "color": "#B8860B",
              },
            ]
          }
        >
          Pick an image that fits to your note
        </Text>
      </View>
    </View>
    <View
      style={
        Object {
          "backgroundColor": "beige",
          "borderColor": "black",
          "borderWidth": 1,
          "height": 300,
          "width": 280,
        }
      }
    >
      <Image
        source={
          Object {
            "uri": null,
          }
        }
        style={
          Object {
            "height": 300,
            "width": 280,
          }
        }
      />
    </View>
  </View>
</View>
`;
