// Jest Snapshot v1, https://goo.gl/fbAQLP

exports[`NotePicture renders correctly 1`] = `
<View
  style={
    Object {
      "alignItems": "center",
      "flex": 1,
      "justifyContent": "center",
    }
  }
>
  <View
    accessibilityComponentType="button"
    accessibilityLabel={undefined}
    accessibilityTraits={
      Array [
        "button",
      ]
    }
    accessible={true}
    collapsable={undefined}
    hasTVPreferredFocus={undefined}
    hitSlop={undefined}
    isTVSelectable={true}
    nativeID={undefined}
    onLayout={undefined}
    onResponderGrant={[Function]}
    onResponderMove={[Function]}
    onResponderRelease={[Function]}
    onResponderTerminate={[Function]}
    onResponderTerminationRequest={[Function]}
    onStartShouldSetResponder={[Function]}
    style={
      Object {
        "opacity": 1,
      }
    }
    testID={undefined}
    tvParallaxProperties={undefined}
  >
    <View
      style={
        Array [
          Object {},
        ]
      }
    >
      <Text
        accessible={true}
        allowFontScaling={true}
        disabled={undefined}
        ellipsizeMode="tail"
        style={
          Array [
            Object {
              "color": "#007AFF",
              "fontSize": 18,
              "padding": 8,
              "textAlign": "center",
            },
          ]
        }
      >
        Pick an image that fits to your note
      </Text>
    </View>
  </View>
  <View
    style={
      Object {
        "backgroundColor": "#DCDCDC",
        "borderColor": "black",
        "borderWidth": 1,
        "height": 300,
        "width": 280,
      }
    }
  >
    <Image
      source={
        Object {
          "uri": null,
        }
      }
      style={
        Object {
          "height": 300,
          "width": 280,
        }
      }
    />
  </View>
</View>
`;
